Missing atoms or failed protonation for NHE   N A (NAM) -- please check the structure
Group (NAM) for   227-   N    15-NHE (A) [   9.111   12.757   -0.463] N
Expected 2 interaction atoms for acids, found:
                 0-  H1    15-NHE (A) [   9.398   13.633   -0.050] H
                 0-  H2    15-NHE (A) [   9.566   12.420   -1.300] H
               227-   N    15-NHE (A) [   9.111   12.757   -0.463] N
Expected 2 interaction atoms for bases, found:
                 0-  H1    15-NHE (A) [   9.398   13.633   -0.050] H
                 0-  H2    15-NHE (A) [   9.566   12.420   -1.300] H
               227-   N    15-NHE (A) [   9.111   12.757   -0.463] N
Missing atoms or failed protonation for NHE   N A (NAM) -- please check the structure
Group (NAM) for   227-   N    15-NHE (A) [   6.534   12.511    0.384] N
Expected 2 interaction atoms for acids, found:
                 0-  H1    15-NHE (A) [   6.325   13.146    1.141] H
                 0-  H2    15-NHE (A) [   7.152   12.800   -0.361] H
               227-   N    15-NHE (A) [   6.534   12.511    0.384] N
Expected 2 interaction atoms for bases, found:
                 0-  H1    15-NHE (A) [   6.325   13.146    1.141] H
                 0-  H2    15-NHE (A) [   7.152   12.800   -0.361] H
               227-   N    15-NHE (A) [   6.534   12.511    0.384] N
Missing atoms or failed protonation for NHE   N A (NAM) -- please check the structure
Group (NAM) for   227-   N    15-NHE (A) [   6.093   12.045   -0.032] N
Expected 2 interaction atoms for acids, found:
                 0-  H1    15-NHE (A) [   5.429   11.817   -0.758] H
                 0-  H2    15-NHE (A) [   5.873   12.759    0.648] H
               227-   N    15-NHE (A) [   6.093   12.045   -0.032] N
Expected 2 interaction atoms for bases, found:
                 0-  H1    15-NHE (A) [   5.429   11.817   -0.758] H
                 0-  H2    15-NHE (A) [   5.873   12.759    0.648] H
               227-   N    15-NHE (A) [   6.093   12.045   -0.032] N
Missing atoms or failed protonation for NHE   N A (NAM) -- please check the structure
Group (NAM) for   227-   N    15-NHE (A) [   7.292   10.578    0.607] N
Expected 2 interaction atoms for acids, found:
                 0-  H1    15-NHE (A) [   7.667   11.403    0.161] H
                 0-  H2    15-NHE (A) [   6.837   10.652    1.506] H
               227-   N    15-NHE (A) [   7.292   10.578    0.607] N
Expected 2 interaction atoms for bases, found:
                 0-  H1    15-NHE (A) [   7.667   11.403    0.161] H
                 0-  H2    15-NHE (A) [   6.837   10.652    1.506] H
               227-   N    15-NHE (A) [   7.292   10.578    0.607] N
Missing atoms or failed protonation for NHE   N A (NAM) -- please check the structure
Group (NAM) for   227-   N    15-NHE (A) [   6.529    9.897    1.712] N
Expected 2 interaction atoms for acids, found:
                 0-  H1    15-NHE (A) [   6.848   10.847    1.587] H
                 0-  H2    15-NHE (A) [   5.755    9.701    2.331] H
               227-   N    15-NHE (A) [   6.529    9.897    1.712] N
Expected 2 interaction atoms for bases, found:
                 0-  H1    15-NHE (A) [   6.848   10.847    1.587] H
                 0-  H2    15-NHE (A) [   5.755    9.701    2.331] H
               227-   N    15-NHE (A) [   6.529    9.897    1.712] N
Missing atoms or failed protonation for NHE   N A (NAM) -- please check the structure
Group (NAM) for   227-   N    15-NHE (A) [   6.641    9.014    1.102] N
Expected 2 interaction atoms for acids, found:
                 0-  H1    15-NHE (A) [   6.955    9.779    0.522] H
                 0-  H2    15-NHE (A) [   5.926    9.169    1.798] H
               227-   N    15-NHE (A) [   6.641    9.014    1.102] N
Expected 2 interaction atoms for bases, found:
                 0-  H1    15-NHE (A) [   6.955    9.779    0.522] H
                 0-  H2    15-NHE (A) [   5.926    9.169    1.798] H
               227-   N    15-NHE (A) [   6.641    9.014    1.102] N
Missing atoms or failed protonation for NHE   N A (NAM) -- please check the structure
Group (NAM) for   227-   N    15-NHE (A) [   6.728   10.240    0.720] N
Expected 2 interaction atoms for acids, found:
                 0-  H1    15-NHE (A) [   7.466   10.803    0.322] H
                 0-  H2    15-NHE (A) [   6.015   10.672    1.290] H
               227-   N    15-NHE (A) [   6.728   10.240    0.720] N
Expected 2 interaction atoms for bases, found:
                 0-  H1    15-NHE (A) [   7.466   10.803    0.322] H
                 0-  H2    15-NHE (A) [   6.015   10.672    1.290] H
               227-   N    15-NHE (A) [   6.728   10.240    0.720] N
Missing atoms or failed protonation for NHE   N A (NAM) -- please check the structure
Group (NAM) for   227-   N    15-NHE (A) [   5.611   11.371    1.179] N
Expected 2 interaction atoms for acids, found:
                 0-  H1    15-NHE (A) [   5.674   11.849    0.291] H
                 0-  H2    15-NHE (A) [   5.048   11.759    1.923] H
               227-   N    15-NHE (A) [   5.611   11.371    1.179] N
Expected 2 interaction atoms for bases, found:
                 0-  H1    15-NHE (A) [   5.674   11.849    0.291] H
                 0-  H2    15-NHE (A) [   5.048   11.759    1.923] H
               227-   N    15-NHE (A) [   5.611   11.371    1.179] N
Missing atoms or failed protonation for NHE   N A (NAM) -- please check the structure
Group (NAM) for   227-   N    15-NHE (A) [   4.609   11.636    1.240] N
Expected 2 interaction atoms for acids, found:
                 0-  H1    15-NHE (A) [   3.754   11.985    1.649] H
                 0-  H2    15-NHE (A) [   5.084   12.172    0.528] H
               227-   N    15-NHE (A) [   4.609   11.636    1.240] N
Expected 2 interaction atoms for bases, found:
                 0-  H1    15-NHE (A) [   3.754   11.985    1.649] H
                 0-  H2    15-NHE (A) [   5.084   12.172    0.528] H
               227-   N    15-NHE (A) [   4.609   11.636    1.240] N
Missing atoms or failed protonation for NHE   N A (NAM) -- please check the structure
Group (NAM) for   227-   N    15-NHE (A) [   8.237    7.725   -0.460] N
Expected 2 interaction atoms for acids, found:
                 0-  H1    15-NHE (A) [   8.626    7.970   -1.359] H
                 0-  H2    15-NHE (A) [   7.573    6.967   -0.387] H
               227-   N    15-NHE (A) [   8.237    7.725   -0.460] N
Expected 2 interaction atoms for bases, found:
                 0-  H1    15-NHE (A) [   8.626    7.970   -1.359] H
                 0-  H2    15-NHE (A) [   7.573    6.967   -0.387] H
               227-   N    15-NHE (A) [   8.237    7.725   -0.460] N
Missing atoms or failed protonation for NHE   N A (NAM) -- please check the structure
Group (NAM) for   227-   N    15-NHE (A) [   8.544    7.294   -1.020] N
Expected 2 interaction atoms for acids, found:
                 0-  H1    15-NHE (A) [   8.167    6.365   -0.902] H
                 0-  H2    15-NHE (A) [   8.510    7.742   -1.925] H
               227-   N    15-NHE (A) [   8.544    7.294   -1.020] N
Expected 2 interaction atoms for bases, found:
                 0-  H1    15-NHE (A) [   8.167    6.365   -0.902] H
                 0-  H2    15-NHE (A) [   8.510    7.742   -1.925] H
               227-   N    15-NHE (A) [   8.544    7.294   -1.020] N
Missing atoms or failed protonation for NHE   N A (NAM) -- please check the structure
Group (NAM) for   227-   N    15-NHE (A) [  10.526    7.649   -0.811] N
Expected 2 interaction atoms for acids, found:
                 0-  H1    15-NHE (A) [  10.516    7.705   -1.819] H
                 0-  H2    15-NHE (A) [  10.110    6.856   -0.345] H
               227-   N    15-NHE (A) [  10.526    7.649   -0.811] N
Expected 2 interaction atoms for bases, found:
                 0-  H1    15-NHE (A) [  10.516    7.705   -1.819] H
                 0-  H2    15-NHE (A) [  10.110    6.856   -0.345] H
               227-   N    15-NHE (A) [  10.526    7.649   -0.811] N
Missing atoms or failed protonation for NHE   N A (NAM) -- please check the structure
Group (NAM) for   227-   N    15-NHE (A) [   8.957    9.460    0.502] N
Expected 2 interaction atoms for acids, found:
                 0-  H1    15-NHE (A) [   8.519    9.689    1.383] H
                 0-  H2    15-NHE (A) [   9.600    8.683    0.445] H
               227-   N    15-NHE (A) [   8.957    9.460    0.502] N
Expected 2 interaction atoms for bases, found:
                 0-  H1    15-NHE (A) [   8.519    9.689    1.383] H
                 0-  H2    15-NHE (A) [   9.600    8.683    0.445] H
               227-   N    15-NHE (A) [   8.957    9.460    0.502] N
Missing atoms or failed protonation for NHE   N A (NAM) -- please check the structure
Group (NAM) for   227-   N    15-NHE (A) [   8.669    9.202    1.897] N
Expected 2 interaction atoms for acids, found:
                 0-  H1    15-NHE (A) [   9.608    8.834    1.944] H
                 0-  H2    15-NHE (A) [   7.966    8.877    2.546] H
               227-   N    15-NHE (A) [   8.669    9.202    1.897] N
Expected 2 interaction atoms for bases, found:
                 0-  H1    15-NHE (A) [   9.608    8.834    1.944] H
                 0-  H2    15-NHE (A) [   7.966    8.877    2.546] H
               227-   N    15-NHE (A) [   8.669    9.202    1.897] N
Missing atoms or failed protonation for NHE   N A (NAM) -- please check the structure
Group (NAM) for   227-   N    15-NHE (A) [   8.072    9.318    1.591] N
Expected 2 interaction atoms for acids, found:
                 0-  H1    15-NHE (A) [   8.901    9.224    2.160] H
                 0-  H2    15-NHE (A) [   7.245    8.782    1.811] H
               227-   N    15-NHE (A) [   8.072    9.318    1.591] N
Expected 2 interaction atoms for bases, found:
                 0-  H1    15-NHE (A) [   8.901    9.224    2.160] H
                 0-  H2    15-NHE (A) [   7.245    8.782    1.811] H
               227-   N    15-NHE (A) [   8.072    9.318    1.591] N
Missing atoms or failed protonation for NHE   N A (NAM) -- please check the structure
Group (NAM) for   227-   N    15-NHE (A) [  10.736    6.934    0.392] N
Expected 2 interaction atoms for acids, found:
                 0-  H1    15-NHE (A) [  11.684    7.146    0.669] H
                 0-  H2    15-NHE (A) [  10.503    6.012    0.052] H
               227-   N    15-NHE (A) [  10.736    6.934    0.392] N
Expected 2 interaction atoms for bases, found:
                 0-  H1    15-NHE (A) [  11.684    7.146    0.669] H
                 0-  H2    15-NHE (A) [  10.503    6.012    0.052] H
               227-   N    15-NHE (A) [  10.736    6.934    0.392] N
Missing atoms or failed protonation for NHE   N A (NAM) -- please check the structure
Group (NAM) for   227-   N    15-NHE (A) [  10.603    5.836   -1.726] N
Expected 2 interaction atoms for acids, found:
                 0-  H1    15-NHE (A) [  11.532    5.768   -1.336] H
                 0-  H2    15-NHE (A) [  10.127    5.004   -2.046] H
               227-   N    15-NHE (A) [  10.603    5.836   -1.726] N
Expected 2 interaction atoms for bases, found:
                 0-  H1    15-NHE (A) [  11.532    5.768   -1.336] H
                 0-  H2    15-NHE (A) [  10.127    5.004   -2.046] H
               227-   N    15-NHE (A) [  10.603    5.836   -1.726] N
Missing atoms or failed protonation for NHE   N A (NAM) -- please check the structure
Group (NAM) for   227-   N    15-NHE (A) [  10.395    8.038   -3.577] N
Expected 2 interaction atoms for acids, found:
                 0-  H1    15-NHE (A) [  10.834    8.787   -4.092] H
                 0-  H2    15-NHE (A) [  10.073    7.212   -4.062] H
               227-   N    15-NHE (A) [  10.395    8.038   -3.577] N
Expected 2 interaction atoms for bases, found:
                 0-  H1    15-NHE (A) [  10.834    8.787   -4.092] H
                 0-  H2    15-NHE (A) [  10.073    7.212   -4.062] H
               227-   N    15-NHE (A) [  10.395    8.038   -3.577] N
Missing atoms or failed protonation for NHE   N A (NAM) -- please check the structure
Group (NAM) for   227-   N    15-NHE (A) [   9.908    8.382   -1.832] N
Expected 2 interaction atoms for acids, found:
                 0-  H1    15-NHE (A) [   9.972    9.214   -2.401] H
                 0-  H2    15-NHE (A) [   9.698    7.492   -2.261] H
               227-   N    15-NHE (A) [   9.908    8.382   -1.832] N
Expected 2 interaction atoms for bases, found:
                 0-  H1    15-NHE (A) [   9.972    9.214   -2.401] H
                 0-  H2    15-NHE (A) [   9.698    7.492   -2.261] H
               227-   N    15-NHE (A) [   9.908    8.382   -1.832] N
Missing atoms or failed protonation for NHE   N A (NAM) -- please check the structure
Group (NAM) for   227-   N    15-NHE (A) [  14.238    9.277   -1.953] N
Expected 2 interaction atoms for acids, found:
                 0-  H1    15-NHE (A) [  15.178    8.963   -1.757] H
                 0-  H2    15-NHE (A) [  14.052    9.831   -2.777] H
               227-   N    15-NHE (A) [  14.238    9.277   -1.953] N
Expected 2 interaction atoms for bases, found:
                 0-  H1    15-NHE (A) [  15.178    8.963   -1.757] H
                 0-  H2    15-NHE (A) [  14.052    9.831   -2.777] H
               227-   N    15-NHE (A) [  14.238    9.277   -1.953] N
Missing atoms or failed protonation for NHE   N A (NAM) -- please check the structure
Group (NAM) for   227-   N    15-NHE (A) [  12.195   10.310    2.699] N
Expected 2 interaction atoms for acids, found:
                 0-  H1    15-NHE (A) [  12.120   11.189    2.208] H
                 0-  H2    15-NHE (A) [  12.689   10.263    3.579] H
               227-   N    15-NHE (A) [  12.195   10.310    2.699] N
Expected 2 interaction atoms for bases, found:
                 0-  H1    15-NHE (A) [  12.120   11.189    2.208] H
                 0-  H2    15-NHE (A) [  12.689   10.263    3.579] H
               227-   N    15-NHE (A) [  12.195   10.310    2.699] N
Missing atoms or failed protonation for NHE   N A (NAM) -- please check the structure
Group (NAM) for   227-   N    15-NHE (A) [  13.817    7.239    2.147] N
Expected 2 interaction atoms for acids, found:
                 0-  H1    15-NHE (A) [  14.300    7.302    3.032] H
                 0-  H2    15-NHE (A) [  13.185    6.471    1.970] H
               227-   N    15-NHE (A) [  13.817    7.239    2.147] N
Expected 2 interaction atoms for bases, found:
                 0-  H1    15-NHE (A) [  14.300    7.302    3.032] H
                 0-  H2    15-NHE (A) [  13.185    6.471    1.970] H
               227-   N    15-NHE (A) [  13.817    7.239    2.147] N
Missing atoms or failed protonation for NHE   N A (NAM) -- please check the structure
Group (NAM) for   227-   N    15-NHE (A) [  13.870   10.329    3.473] N
Expected 2 interaction atoms for acids, found:
                 0-  H1    15-NHE (A) [  12.935   10.135    3.803] H
                 0-  H2    15-NHE (A) [  14.644   10.330    4.122] H
               227-   N    15-NHE (A) [  13.870   10.329    3.473] N
Expected 2 interaction atoms for bases, found:
                 0-  H1    15-NHE (A) [  12.935   10.135    3.803] H
                 0-  H2    15-NHE (A) [  14.644   10.330    4.122] H
               227-   N    15-NHE (A) [  13.870   10.329    3.473] N
Missing atoms or failed protonation for NHE   N A (NAM) -- please check the structure
Group (NAM) for   227-   N    15-NHE (A) [  14.977    9.603    1.127] N
Expected 2 interaction atoms for acids, found:
                 0-  H1    15-NHE (A) [  15.631    9.766    1.879] H
                 0-  H2    15-NHE (A) [  14.126    9.088    1.301] H
               227-   N    15-NHE (A) [  14.977    9.603    1.127] N
Expected 2 interaction atoms for bases, found:
                 0-  H1    15-NHE (A) [  15.631    9.766    1.879] H
                 0-  H2    15-NHE (A) [  14.126    9.088    1.301] H
               227-   N    15-NHE (A) [  14.977    9.603    1.127] N
Missing atoms or failed protonation for NHE   N A (NAM) -- please check the structure
Group (NAM) for   227-   N    15-NHE (A) [   7.060   11.500    1.142] N
Expected 2 interaction atoms for acids, found:
                 0-  H1    15-NHE (A) [   7.249   12.132    1.907] H
                 0-  H2    15-NHE (A) [   6.273   11.667    0.531] H
               227-   N    15-NHE (A) [   7.060   11.500    1.142] N
Expected 2 interaction atoms for bases, found:
                 0-  H1    15-NHE (A) [   7.249   12.132    1.907] H
                 0-  H2    15-NHE (A) [   6.273   11.667    0.531] H
               227-   N    15-NHE (A) [   7.060   11.500    1.142] N
Missing atoms or failed protonation for NHE   N A (NAM) -- please check the structure
Group (NAM) for   227-   N    15-NHE (A) [  10.723    8.171    1.824] N
Expected 2 interaction atoms for acids, found:
                 0-  H1    15-NHE (A) [  10.979    8.668    2.665] H
                 0-  H2    15-NHE (A) [  10.159    7.335    1.883] H
               227-   N    15-NHE (A) [  10.723    8.171    1.824] N
Expected 2 interaction atoms for bases, found:
                 0-  H1    15-NHE (A) [  10.979    8.668    2.665] H
                 0-  H2    15-NHE (A) [  10.159    7.335    1.883] H
               227-   N    15-NHE (A) [  10.723    8.171    1.824] N
Missing atoms or failed protonation for NHE   N A (NAM) -- please check the structure
Group (NAM) for   227-   N    15-NHE (A) [   8.930    8.813    2.295] N
Expected 2 interaction atoms for acids, found:
                 0-  H1    15-NHE (A) [   8.708    7.837    2.160] H
                 0-  H2    15-NHE (A) [   8.957    9.201    3.227] H
               227-   N    15-NHE (A) [   8.930    8.813    2.295] N
Expected 2 interaction atoms for bases, found:
                 0-  H1    15-NHE (A) [   8.708    7.837    2.160] H
                 0-  H2    15-NHE (A) [   8.957    9.201    3.227] H
               227-   N    15-NHE (A) [   8.930    8.813    2.295] N
Missing atoms or failed protonation for NHE   N A (NAM) -- please check the structure
Group (NAM) for   227-   N    15-NHE (A) [   7.890   11.658    1.609] N
Expected 2 interaction atoms for acids, found:
                 0-  H1    15-NHE (A) [   7.369   12.147    0.895] H
                 0-  H2    15-NHE (A) [   7.965   12.049    2.537] H
               227-   N    15-NHE (A) [   7.890   11.658    1.609] N
Expected 2 interaction atoms for bases, found:
                 0-  H1    15-NHE (A) [   7.369   12.147    0.895] H
                 0-  H2    15-NHE (A) [   7.965   12.049    2.537] H
               227-   N    15-NHE (A) [   7.890   11.658    1.609] N
Missing atoms or failed protonation for NHE   N A (NAM) -- please check the structure
Group (NAM) for   227-   N    15-NHE (A) [   9.423   13.104   -0.953] N
Expected 2 interaction atoms for acids, found:
                 0-  H1    15-NHE (A) [   9.091   13.487   -1.827] H
                 0-  H2    15-NHE (A) [   9.676   13.721   -0.195] H
               227-   N    15-NHE (A) [   9.423   13.104   -0.953] N
Expected 2 interaction atoms for bases, found:
                 0-  H1    15-NHE (A) [   9.091   13.487   -1.827] H
                 0-  H2    15-NHE (A) [   9.676   13.721   -0.195] H
               227-   N    15-NHE (A) [   9.423   13.104   -0.953] N
Missing atoms or failed protonation for NHE   N A (NAM) -- please check the structure
Group (NAM) for   227-   N    15-NHE (A) [   8.620   14.001    0.027] N
Expected 2 interaction atoms for acids, found:
                 0-  H1    15-NHE (A) [   8.452   14.451   -0.861] H
                 0-  H2    15-NHE (A) [   8.636   14.549    0.876] H
               227-   N    15-NHE (A) [   8.620   14.001    0.027] N
Expected 2 interaction atoms for bases, found:
                 0-  H1    15-NHE (A) [   8.452   14.451   -0.861] H
                 0-  H2    15-NHE (A) [   8.636   14.549    0.876] H
               227-   N    15-NHE (A) [   8.620   14.001    0.027] N
Missing atoms or failed protonation for NHE   N A (NAM) -- please check the structure
Group (NAM) for   227-   N    15-NHE (A) [   9.303   11.834    0.378] N
Expected 2 interaction atoms for acids, found:
                 0-  H1    15-NHE (A) [   9.475   12.537    1.082] H
                 0-  H2    15-NHE (A) [   9.477   12.041   -0.595] H
               227-   N    15-NHE (A) [   9.303   11.834    0.378] N
Expected 2 interaction atoms for bases, found:
                 0-  H1    15-NHE (A) [   9.475   12.537    1.082] H
                 0-  H2    15-NHE (A) [   9.477   12.041   -0.595] H
               227-   N    15-NHE (A) [   9.303   11.834    0.378] N
Missing atoms or failed protonation for NHE   N A (NAM) -- please check the structure
Group (NAM) for   227-   N    15-NHE (A) [   8.051   11.913    0.976] N
Expected 2 interaction atoms for acids, found:
                 0-  H1    15-NHE (A) [   7.980   12.348    1.885] H
                 0-  H2    15-NHE (A) [   8.478   12.413    0.209] H
               227-   N    15-NHE (A) [   8.051   11.913    0.976] N
Expected 2 interaction atoms for bases, found:
                 0-  H1    15-NHE (A) [   7.980   12.348    1.885] H
                 0-  H2    15-NHE (A) [   8.478   12.413    0.209] H
               227-   N    15-NHE (A) [   8.051   11.913    0.976] N
Missing atoms or failed protonation for NHE   N A (NAM) -- please check the structure
Group (NAM) for   227-   N    15-NHE (A) [   7.726   12.360    2.015] N
Expected 2 interaction atoms for acids, found:
                 0-  H1    15-NHE (A) [   7.488   12.937    1.221] H
                 0-  H2    15-NHE (A) [   7.864   12.781    2.922] H
               227-   N    15-NHE (A) [   7.726   12.360    2.015] N
Expected 2 interaction atoms for bases, found:
                 0-  H1    15-NHE (A) [   7.488   12.937    1.221] H
                 0-  H2    15-NHE (A) [   7.864   12.781    2.922] H
               227-   N    15-NHE (A) [   7.726   12.360    2.015] N
Missing atoms or failed protonation for NHE   N A (NAM) -- please check the structure
Group (NAM) for   227-   N    15-NHE (A) [   7.719   13.240    1.787] N
Expected 2 interaction atoms for acids, found:
                 0-  H1    15-NHE (A) [   8.142   13.531    0.917] H
                 0-  H2    15-NHE (A) [   7.688   13.876    2.571] H
               227-   N    15-NHE (A) [   7.719   13.240    1.787] N
Expected 2 interaction atoms for bases, found:
                 0-  H1    15-NHE (A) [   8.142   13.531    0.917] H
                 0-  H2    15-NHE (A) [   7.688   13.876    2.571] H
               227-   N    15-NHE (A) [   7.719   13.240    1.787] N
Missing atoms or failed protonation for NHE   N A (NAM) -- please check the structure
Group (NAM) for   227-   N    15-NHE (A) [   9.714   12.918    0.710] N
Expected 2 interaction atoms for acids, found:
                 0-  H1    15-NHE (A) [   9.736   12.517   -0.217] H
                 0-  H2    15-NHE (A) [  10.477   13.499    1.027] H
               227-   N    15-NHE (A) [   9.714   12.918    0.710] N
Expected 2 interaction atoms for bases, found:
                 0-  H1    15-NHE (A) [   9.736   12.517   -0.217] H
                 0-  H2    15-NHE (A) [  10.477   13.499    1.027] H
               227-   N    15-NHE (A) [   9.714   12.918    0.710] N
Missing atoms or failed protonation for NHE   N A (NAM) -- please check the structure
Group (NAM) for   227-   N    15-NHE (A) [  10.320   11.952    0.735] N
Expected 2 interaction atoms for acids, found:
                 0-  H1    15-NHE (A) [  11.235   12.273    1.017] H
                 0-  H2    15-NHE (A) [   9.604   11.793    1.430] H
               227-   N    15-NHE (A) [  10.320   11.952    0.735] N
Expected 2 interaction atoms for bases, found:
                 0-  H1    15-NHE (A) [  11.235   12.273    1.017] H
                 0-  H2    15-NHE (A) [   9.604   11.793    1.430] H
               227-   N    15-NHE (A) [  10.320   11.952    0.735] N
Missing atoms or failed protonation for NHE   N A (NAM) -- please check the structure
Group (NAM) for   227-   N    15-NHE (A) [   8.642   10.617    0.759] N
Expected 2 interaction atoms for acids, found:
                 0-  H1    15-NHE (A) [   8.563   11.228    1.559] H
                 0-  H2    15-NHE (A) [   9.156   10.917   -0.057] H
               227-   N    15-NHE (A) [   8.642   10.617    0.759] N
Expected 2 interaction atoms for bases, found:
                 0-  H1    15-NHE (A) [   8.563   11.228    1.559] H
                 0-  H2    15-NHE (A) [   9.156   10.917   -0.057] H
               227-   N    15-NHE (A) [   8.642   10.617    0.759] N
Missing atoms or failed protonation for NHE   N A (NAM) -- please check the structure
Group (NAM) for   227-   N    15-NHE (A) [  10.168    8.728    2.216] N
Expected 2 interaction atoms for acids, found:
                 0-  H1    15-NHE (A) [  10.084    9.303    1.390] H
                 0-  H2    15-NHE (A) [  10.467    9.139    3.089] H
               227-   N    15-NHE (A) [  10.168    8.728    2.216] N
Expected 2 interaction atoms for bases, found:
                 0-  H1    15-NHE (A) [  10.084    9.303    1.390] H
                 0-  H2    15-NHE (A) [  10.467    9.139    3.089] H
               227-   N    15-NHE (A) [  10.168    8.728    2.216] N
Missing atoms or failed protonation for NHE   N A (NAM) -- please check the structure
Group (NAM) for   227-   N    15-NHE (A) [  11.345    9.617    0.975] N
Expected 2 interaction atoms for acids, found:
                 0-  H1    15-NHE (A) [  11.739    9.823    1.882] H
                 0-  H2    15-NHE (A) [  11.101   10.370    0.348] H
               227-   N    15-NHE (A) [  11.345    9.617    0.975] N
Expected 2 interaction atoms for bases, found:
                 0-  H1    15-NHE (A) [  11.739    9.823    1.882] H
                 0-  H2    15-NHE (A) [  11.101   10.370    0.348] H
               227-   N    15-NHE (A) [  11.345    9.617    0.975] N
Missing atoms or failed protonation for NHE   N A (NAM) -- please check the structure
Group (NAM) for   227-   N    15-NHE (A) [   9.602    9.423    1.453] N
Expected 2 interaction atoms for acids, found:
                 0-  H1    15-NHE (A) [   9.658    9.793    2.391] H
                 0-  H2    15-NHE (A) [   9.604   10.050    0.662] H
               227-   N    15-NHE (A) [   9.602    9.423    1.453] N
Expected 2 interaction atoms for bases, found:
                 0-  H1    15-NHE (A) [   9.658    9.793    2.391] H
                 0-  H2    15-NHE (A) [   9.604   10.050    0.662] H
               227-   N    15-NHE (A) [   9.602    9.423    1.453] N
Missing atoms or failed protonation for NHE   N A (NAM) -- please check the structure
Group (NAM) for   227-   N    15-NHE (A) [   8.029   11.307    2.074] N
Expected 2 interaction atoms for acids, found:
                 0-  H1    15-NHE (A) [   8.275   11.702    1.178] H
                 0-  H2    15-NHE (A) [   7.804   11.914    2.849] H
               227-   N    15-NHE (A) [   8.029   11.307    2.074] N
Expected 2 interaction atoms for bases, found:
                 0-  H1    15-NHE (A) [   8.275   11.702    1.178] H
                 0-  H2    15-NHE (A) [   7.804   11.914    2.849] H
               227-   N    15-NHE (A) [   8.029   11.307    2.074] N
Missing atoms or failed protonation for NHE   N A (NAM) -- please check the structure
Group (NAM) for   227-   N    15-NHE (A) [   7.972   11.286    1.995] N
Expected 2 interaction atoms for acids, found:
                 0-  H1    15-NHE (A) [   7.940   11.591    1.033] H
                 0-  H2    15-NHE (A) [   8.019   11.967    2.739] H
               227-   N    15-NHE (A) [   7.972   11.286    1.995] N
Expected 2 interaction atoms for bases, found:
                 0-  H1    15-NHE (A) [   7.940   11.591    1.033] H
                 0-  H2    15-NHE (A) [   8.019   11.967    2.739] H
               227-   N    15-NHE (A) [   7.972   11.286    1.995] N
Missing atoms or failed protonation for NHE   N A (NAM) -- please check the structure
Group (NAM) for   227-   N    15-NHE (A) [   6.339   12.519    2.211] N
Expected 2 interaction atoms for acids, found:
                 0-  H1    15-NHE (A) [   6.485   12.901    1.288] H
                 0-  H2    15-NHE (A) [   5.915   13.086    2.931] H
               227-   N    15-NHE (A) [   6.339   12.519    2.211] N
Expected 2 interaction atoms for bases, found:
                 0-  H1    15-NHE (A) [   6.485   12.901    1.288] H
                 0-  H2    15-NHE (A) [   5.915   13.086    2.931] H
               227-   N    15-NHE (A) [   6.339   12.519    2.211] N
Missing atoms or failed protonation for NHE   N A (NAM) -- please check the structure
Group (NAM) for   227-   N    15-NHE (A) [   6.645   12.880    1.529] N
Expected 2 interaction atoms for acids, found:
                 0-  H1    15-NHE (A) [   6.598   12.839    0.521] H
                 0-  H2    15-NHE (A) [   6.434   13.743    2.010] H
               227-   N    15-NHE (A) [   6.645   12.880    1.529] N
Expected 2 interaction atoms for bases, found:
                 0-  H1    15-NHE (A) [   6.598   12.839    0.521] H
                 0-  H2    15-NHE (A) [   6.434   13.743    2.010] H
               227-   N    15-NHE (A) [   6.645   12.880    1.529] N
Missing atoms or failed protonation for NHE   N A (NAM) -- please check the structure
Group (NAM) for   227-   N    15-NHE (A) [   7.072   12.933    2.474] N
Expected 2 interaction atoms for acids, found:
                 0-  H1    15-NHE (A) [   7.310   13.747    3.022] H
                 0-  H2    15-NHE (A) [   6.433   13.017    1.697] H
               227-   N    15-NHE (A) [   7.072   12.933    2.474] N
Expected 2 interaction atoms for bases, found:
                 0-  H1    15-NHE (A) [   7.310   13.747    3.022] H
                 0-  H2    15-NHE (A) [   6.433   13.017    1.697] H
               227-   N    15-NHE (A) [   7.072   12.933    2.474] N
Missing atoms or failed protonation for NHE   N A (NAM) -- please check the structure
Group (NAM) for   227-   N    15-NHE (A) [   8.568   12.731    1.523] N
Expected 2 interaction atoms for acids, found:
                 0-  H1    15-NHE (A) [   7.894   12.789    0.773] H
                 0-  H2    15-NHE (A) [   9.061   13.559    1.824] H
               227-   N    15-NHE (A) [   8.568   12.731    1.523] N
Expected 2 interaction atoms for bases, found:
                 0-  H1    15-NHE (A) [   7.894   12.789    0.773] H
                 0-  H2    15-NHE (A) [   9.061   13.559    1.824] H
               227-   N    15-NHE (A) [   8.568   12.731    1.523] N
Missing atoms or failed protonation for NHE   N A (NAM) -- please check the structure
Group (NAM) for   227-   N    15-NHE (A) [   9.432   10.058    4.274] N
Expected 2 interaction atoms for acids, found:
                 0-  H1    15-NHE (A) [   9.215    9.290    4.893] H
                 0-  H2    15-NHE (A) [   9.972   10.842    4.612] H
               227-   N    15-NHE (A) [   9.432   10.058    4.274] N
Expected 2 interaction atoms for bases, found:
                 0-  H1    15-NHE (A) [   9.215    9.290    4.893] H
                 0-  H2    15-NHE (A) [   9.972   10.842    4.612] H
               227-   N    15-NHE (A) [   9.432   10.058    4.274] N
Missing atoms or failed protonation for NHE   N A (NAM) -- please check the structure
Group (NAM) for   227-   N    15-NHE (A) [   8.348    9.820    3.088] N
Expected 2 interaction atoms for acids, found:
                 0-  H1    15-NHE (A) [   7.601    9.534    3.705] H
                 0-  H2    15-NHE (A) [   8.975   10.562    3.364] H
               227-   N    15-NHE (A) [   8.348    9.820    3.088] N
Expected 2 interaction atoms for bases, found:
                 0-  H1    15-NHE (A) [   7.601    9.534    3.705] H
                 0-  H2    15-NHE (A) [   8.975   10.562    3.364] H
               227-   N    15-NHE (A) [   8.348    9.820    3.088] N
Missing atoms or failed protonation for NHE   N A (NAM) -- please check the structure
Group (NAM) for   227-   N    15-NHE (A) [   8.043    9.425    0.051] N
Expected 2 interaction atoms for acids, found:
                 0-  H1    15-NHE (A) [   7.077    9.255   -0.190] H
                 0-  H2    15-NHE (A) [   8.271    9.966    0.873] H
               227-   N    15-NHE (A) [   8.043    9.425    0.051] N
Expected 2 interaction atoms for bases, found:
                 0-  H1    15-NHE (A) [   7.077    9.255   -0.190] H
                 0-  H2    15-NHE (A) [   8.271    9.966    0.873] H
               227-   N    15-NHE (A) [   8.043    9.425    0.051] N
Missing atoms or failed protonation for NHE   N A (NAM) -- please check the structure
Group (NAM) for   227-   N    15-NHE (A) [   7.187    8.601    1.227] N
Expected 2 interaction atoms for acids, found:
                 0-  H1    15-NHE (A) [   7.412    8.964    2.142] H
                 0-  H2    15-NHE (A) [   6.401    7.978    1.110] H
               227-   N    15-NHE (A) [   7.187    8.601    1.227] N
Expected 2 interaction atoms for bases, found:
                 0-  H1    15-NHE (A) [   7.412    8.964    2.142] H
                 0-  H2    15-NHE (A) [   6.401    7.978    1.110] H
               227-   N    15-NHE (A) [   7.187    8.601    1.227] N
Missing atoms or failed protonation for NHE   N A (NAM) -- please check the structure
Group (NAM) for   227-   N    15-NHE (A) [   7.409    7.708    0.749] N
Expected 2 interaction atoms for acids, found:
                 0-  H1    15-NHE (A) [   6.509    7.374    0.434] H
                 0-  H2    15-NHE (A) [   7.489    8.182    1.637] H
               227-   N    15-NHE (A) [   7.409    7.708    0.749] N
Expected 2 interaction atoms for bases, found:
                 0-  H1    15-NHE (A) [   6.509    7.374    0.434] H
                 0-  H2    15-NHE (A) [   7.489    8.182    1.637] H
               227-   N    15-NHE (A) [   7.409    7.708    0.749] N
Missing atoms or failed protonation for NHE   N A (NAM) -- please check the structure
Group (NAM) for   227-   N    15-NHE (A) [   7.269    7.466    1.184] N
Expected 2 interaction atoms for acids, found:
                 0-  H1    15-NHE (A) [   7.048    8.230    1.806] H
                 0-  H2    15-NHE (A) [   7.212    6.513    1.514] H
               227-   N    15-NHE (A) [   7.269    7.466    1.184] N
Expected 2 interaction atoms for bases, found:
                 0-  H1    15-NHE (A) [   7.048    8.230    1.806] H
                 0-  H2    15-NHE (A) [   7.212    6.513    1.514] H
               227-   N    15-NHE (A) [   7.269    7.466    1.184] N
Missing atoms or failed protonation for NHE   N A (NAM) -- please check the structure
Group (NAM) for   227-   N    15-NHE (A) [   6.382    8.277    1.264] N
Expected 2 interaction atoms for acids, found:
                 0-  H1    15-NHE (A) [   5.525    7.743    1.231] H
                 0-  H2    15-NHE (A) [   6.512    8.980    1.977] H
               227-   N    15-NHE (A) [   6.382    8.277    1.264] N
Expected 2 interaction atoms for bases, found:
                 0-  H1    15-NHE (A) [   5.525    7.743    1.231] H
                 0-  H2    15-NHE (A) [   6.512    8.980    1.977] H
               227-   N    15-NHE (A) [   6.382    8.277    1.264] N
Missing atoms or failed protonation for NHE   N A (NAM) -- please check the structure
Group (NAM) for   227-   N    15-NHE (A) [   6.443    7.800    2.129] N
Expected 2 interaction atoms for acids, found:
                 0-  H1    15-NHE (A) [   5.594    7.257    2.070] H
                 0-  H2    15-NHE (A) [   6.519    8.547    2.804] H
               227-   N    15-NHE (A) [   6.443    7.800    2.129] N
Expected 2 interaction atoms for bases, found:
                 0-  H1    15-NHE (A) [   5.594    7.257    2.070] H
                 0-  H2    15-NHE (A) [   6.519    8.547    2.804] H
               227-   N    15-NHE (A) [   6.443    7.800    2.129] N
Missing atoms or failed protonation for NHE   N A (NAM) -- please check the structure
Group (NAM) for   227-   N    15-NHE (A) [   5.700    8.658    3.119] N
Expected 2 interaction atoms for acids, found:
                 0-  H1    15-NHE (A) [   5.684    9.488    3.694] H
                 0-  H2    15-NHE (A) [   5.056    7.902    3.305] H
               227-   N    15-NHE (A) [   5.700    8.658    3.119] N
Expected 2 interaction atoms for bases, found:
                 0-  H1    15-NHE (A) [   5.684    9.488    3.694] H
                 0-  H2    15-NHE (A) [   5.056    7.902    3.305] H
               227-   N    15-NHE (A) [   5.700    8.658    3.119] N
Missing atoms or failed protonation for NHE   N A (NAM) -- please check the structure
Group (NAM) for   227-   N    15-NHE (A) [   6.463    9.475    2.506] N
Expected 2 interaction atoms for acids, found:
                 0-  H1    15-NHE (A) [   5.614    8.999    2.235] H
                 0-  H2    15-NHE (A) [   6.482   10.035    3.346] H
               227-   N    15-NHE (A) [   6.463    9.475    2.506] N
Expected 2 interaction atoms for bases, found:
                 0-  H1    15-NHE (A) [   5.614    8.999    2.235] H
                 0-  H2    15-NHE (A) [   6.482   10.035    3.346] H
               227-   N    15-NHE (A) [   6.463    9.475    2.506] N
Missing atoms or failed protonation for NHE   N A (NAM) -- please check the structure
Group (NAM) for   227-   N    15-NHE (A) [   8.842    9.065    3.077] N
Expected 2 interaction atoms for acids, found:
                 0-  H1    15-NHE (A) [   8.056    8.468    3.291] H
                 0-  H2    15-NHE (A) [   9.219    9.678    3.786] H
               227-   N    15-NHE (A) [   8.842    9.065    3.077] N
Expected 2 interaction atoms for bases, found:
                 0-  H1    15-NHE (A) [   8.056    8.468    3.291] H
                 0-  H2    15-NHE (A) [   9.219    9.678    3.786] H
               227-   N    15-NHE (A) [   8.842    9.065    3.077] N
Missing atoms or failed protonation for NHE   N A (NAM) -- please check the structure
Group (NAM) for   227-   N    15-NHE (A) [   7.898    9.774    2.534] N
Expected 2 interaction atoms for acids, found:
                 0-  H1    15-NHE (A) [   6.970    9.387    2.442] H
                 0-  H2    15-NHE (A) [   8.128   10.350    3.331] H
               227-   N    15-NHE (A) [   7.898    9.774    2.534] N
Expected 2 interaction atoms for bases, found:
                 0-  H1    15-NHE (A) [   6.970    9.387    2.442] H
                 0-  H2    15-NHE (A) [   8.128   10.350    3.331] H
               227-   N    15-NHE (A) [   7.898    9.774    2.534] N
Missing atoms or failed protonation for NHE   N A (NAM) -- please check the structure
Group (NAM) for   227-   N    15-NHE (A) [  10.506   10.931    3.892] N
Expected 2 interaction atoms for acids, found:
                 0-  H1    15-NHE (A) [   9.800   10.293    4.230] H
                 0-  H2    15-NHE (A) [  11.043   11.482    4.546] H
               227-   N    15-NHE (A) [  10.506   10.931    3.892] N
Expected 2 interaction atoms for bases, found:
                 0-  H1    15-NHE (A) [   9.800   10.293    4.230] H
                 0-  H2    15-NHE (A) [  11.043   11.482    4.546] H
               227-   N    15-NHE (A) [  10.506   10.931    3.892] N
Missing atoms or failed protonation for NHE   N A (NAM) -- please check the structure
Group (NAM) for   227-   N    15-NHE (A) [  10.712   10.538    3.133] N
Expected 2 interaction atoms for acids, found:
                 0-  H1    15-NHE (A) [  11.287   11.035    3.798] H
                 0-  H2    15-NHE (A) [  10.065    9.832    3.453] H
               227-   N    15-NHE (A) [  10.712   10.538    3.133] N
Expected 2 interaction atoms for bases, found:
                 0-  H1    15-NHE (A) [  11.287   11.035    3.798] H
                 0-  H2    15-NHE (A) [  10.065    9.832    3.453] H
               227-   N    15-NHE (A) [  10.712   10.538    3.133] N
Missing atoms or failed protonation for NHE   N A (NAM) -- please check the structure
Group (NAM) for   227-   N    15-NHE (A) [   7.634   11.504    2.439] N
Expected 2 interaction atoms for acids, found:
                 0-  H1    15-NHE (A) [   7.647   10.503    2.573] H
                 0-  H2    15-NHE (A) [   7.410   12.114    3.212] H
               227-   N    15-NHE (A) [   7.634   11.504    2.439] N
Expected 2 interaction atoms for bases, found:
                 0-  H1    15-NHE (A) [   7.647   10.503    2.573] H
                 0-  H2    15-NHE (A) [   7.410   12.114    3.212] H
               227-   N    15-NHE (A) [   7.634   11.504    2.439] N
Missing atoms or failed protonation for NHE   N A (NAM) -- please check the structure
Group (NAM) for   227-   N    15-NHE (A) [   7.921    8.592    1.137] N
Expected 2 interaction atoms for acids, found:
                 0-  H1    15-NHE (A) [   7.497    7.948    1.789] H
                 0-  H2    15-NHE (A) [   7.489    9.487    0.957] H
               227-   N    15-NHE (A) [   7.921    8.592    1.137] N
Expected 2 interaction atoms for bases, found:
                 0-  H1    15-NHE (A) [   7.497    7.948    1.789] H
                 0-  H2    15-NHE (A) [   7.489    9.487    0.957] H
               227-   N    15-NHE (A) [   7.921    8.592    1.137] N
Missing atoms or failed protonation for NHE   N A (NAM) -- please check the structure
Group (NAM) for   227-   N    15-NHE (A) [   5.531   10.006    1.289] N
Expected 2 interaction atoms for acids, found:
                 0-  H1    15-NHE (A) [   5.351    9.899    0.301] H
                 0-  H2    15-NHE (A) [   4.806    9.797    1.960] H
               227-   N    15-NHE (A) [   5.531   10.006    1.289] N
Expected 2 interaction atoms for bases, found:
                 0-  H1    15-NHE (A) [   5.351    9.899    0.301] H
                 0-  H2    15-NHE (A) [   4.806    9.797    1.960] H
               227-   N    15-NHE (A) [   5.531   10.006    1.289] N
Missing atoms or failed protonation for NHE   N A (NAM) -- please check the structure
Group (NAM) for   227-   N    15-NHE (A) [   6.373    5.502    1.695] N
Expected 2 interaction atoms for acids, found:
                 0-  H1    15-NHE (A) [   5.746    6.131    1.214] H
                 0-  H2    15-NHE (A) [   6.056    4.583    1.967] H
               227-   N    15-NHE (A) [   6.373    5.502    1.695] N
Expected 2 interaction atoms for bases, found:
                 0-  H1    15-NHE (A) [   5.746    6.131    1.214] H
                 0-  H2    15-NHE (A) [   6.056    4.583    1.967] H
               227-   N    15-NHE (A) [   6.373    5.502    1.695] N
Missing atoms or failed protonation for NHE   N A (NAM) -- please check the structure
Group (NAM) for   227-   N    15-NHE (A) [   6.696    6.150    1.159] N
Expected 2 interaction atoms for acids, found:
                 0-  H1    15-NHE (A) [   6.327    6.374    0.246] H
                 0-  H2    15-NHE (A) [   6.542    5.234    1.555] H
               227-   N    15-NHE (A) [   6.696    6.150    1.159] N
Expected 2 interaction atoms for bases, found:
                 0-  H1    15-NHE (A) [   6.327    6.374    0.246] H
                 0-  H2    15-NHE (A) [   6.542    5.234    1.555] H
               227-   N    15-NHE (A) [   6.696    6.150    1.159] N
Missing atoms or failed protonation for NHE   N A (NAM) -- please check the structure
Group (NAM) for   227-   N    15-NHE (A) [  10.228    7.054    0.837] N
Expected 2 interaction atoms for acids, found:
                 0-  H1    15-NHE (A) [  10.167    6.411    1.613] H
                 0-  H2    15-NHE (A) [   9.605    6.954    0.048] H
               227-   N    15-NHE (A) [  10.228    7.054    0.837] N
Expected 2 interaction atoms for bases, found:
                 0-  H1    15-NHE (A) [  10.167    6.411    1.613] H
                 0-  H2    15-NHE (A) [   9.605    6.954    0.048] H
               227-   N    15-NHE (A) [  10.228    7.054    0.837] N
Missing atoms or failed protonation for NHE   N A (NAM) -- please check the structure
Group (NAM) for   227-   N    15-NHE (A) [  10.150    7.680    1.270] N
Expected 2 interaction atoms for acids, found:
                 0-  H1    15-NHE (A) [  10.401    7.475    2.227] H
                 0-  H2    15-NHE (A) [   9.180    7.665    0.988] H
               227-   N    15-NHE (A) [  10.150    7.680    1.270] N
Expected 2 interaction atoms for bases, found:
                 0-  H1    15-NHE (A) [  10.401    7.475    2.227] H
                 0-  H2    15-NHE (A) [   9.180    7.665    0.988] H
               227-   N    15-NHE (A) [  10.150    7.680    1.270] N
Missing atoms or failed protonation for NHE   N A (NAM) -- please check the structure
Group (NAM) for   227-   N    15-NHE (A) [   8.707    7.060    2.019] N
Expected 2 interaction atoms for acids, found:
                 0-  H1    15-NHE (A) [   7.978    7.602    1.578] H
                 0-  H2    15-NHE (A) [   8.509    6.537    2.860] H
               227-   N    15-NHE (A) [   8.707    7.060    2.019] N
Expected 2 interaction atoms for bases, found:
                 0-  H1    15-NHE (A) [   7.978    7.602    1.578] H
                 0-  H2    15-NHE (A) [   8.509    6.537    2.860] H
               227-   N    15-NHE (A) [   8.707    7.060    2.019] N
Missing atoms or failed protonation for NHE   N A (NAM) -- please check the structure
Group (NAM) for   227-   N    15-NHE (A) [   8.839    6.935    0.740] N
Expected 2 interaction atoms for acids, found:
                 0-  H1    15-NHE (A) [   8.173    6.678    0.026] H
                 0-  H2    15-NHE (A) [   9.090    6.271    1.459] H
               227-   N    15-NHE (A) [   8.839    6.935    0.740] N
Expected 2 interaction atoms for bases, found:
                 0-  H1    15-NHE (A) [   8.173    6.678    0.026] H
                 0-  H2    15-NHE (A) [   9.090    6.271    1.459] H
               227-   N    15-NHE (A) [   8.839    6.935    0.740] N
Missing atoms or failed protonation for NHE   N A (NAM) -- please check the structure
Group (NAM) for   227-   N    15-NHE (A) [   7.391    8.954    1.130] N
Expected 2 interaction atoms for acids, found:
                 0-  H1    15-NHE (A) [   7.470    8.585    2.067] H
                 0-  H2    15-NHE (A) [   6.490    9.240    0.774] H
               227-   N    15-NHE (A) [   7.391    8.954    1.130] N
Expected 2 interaction atoms for bases, found:
                 0-  H1    15-NHE (A) [   7.470    8.585    2.067] H
                 0-  H2    15-NHE (A) [   6.490    9.240    0.774] H
               227-   N    15-NHE (A) [   7.391    8.954    1.130] N
Missing atoms or failed protonation for NHE   N A (NAM) -- please check the structure
Group (NAM) for   227-   N    15-NHE (A) [   7.981    8.144    1.770] N
Expected 2 interaction atoms for acids, found:
                 0-  H1    15-NHE (A) [   8.804    8.439    1.264] H
                 0-  H2    15-NHE (A) [   8.067    7.496    2.540] H
               227-   N    15-NHE (A) [   7.981    8.144    1.770] N
Expected 2 interaction atoms for bases, found:
                 0-  H1    15-NHE (A) [   8.804    8.439    1.264] H
                 0-  H2    15-NHE (A) [   8.067    7.496    2.540] H
               227-   N    15-NHE (A) [   7.981    8.144    1.770] N
Missing atoms or failed protonation for NHE   N A (NAM) -- please check the structure
Group (NAM) for   227-   N    15-NHE (A) [   7.753    8.680    1.878] N
Expected 2 interaction atoms for acids, found:
                 0-  H1    15-NHE (A) [   7.433    8.170    2.689] H
                 0-  H2    15-NHE (A) [   8.732    8.909    1.779] H
               227-   N    15-NHE (A) [   7.753    8.680    1.878] N
Expected 2 interaction atoms for bases, found:
                 0-  H1    15-NHE (A) [   7.433    8.170    2.689] H
                 0-  H2    15-NHE (A) [   8.732    8.909    1.779] H
               227-   N    15-NHE (A) [   7.753    8.680    1.878] N
Missing atoms or failed protonation for NHE   N A (NAM) -- please check the structure
Group (NAM) for   227-   N    15-NHE (A) [   5.517   11.667    0.504] N
Expected 2 interaction atoms for acids, found:
                 0-  H1    15-NHE (A) [   4.748   12.007    1.064] H
                 0-  H2    15-NHE (A) [   6.185   12.317    0.114] H
               227-   N    15-NHE (A) [   5.517   11.667    0.504] N
Expected 2 interaction atoms for bases, found:
                 0-  H1    15-NHE (A) [   4.748   12.007    1.064] H
                 0-  H2    15-NHE (A) [   6.185   12.317    0.114] H
               227-   N    15-NHE (A) [   5.517   11.667    0.504] N
Missing atoms or failed protonation for NHE   N A (NAM) -- please check the structure
Group (NAM) for   227-   N    15-NHE (A) [   6.770    8.044   -0.625] N
Expected 2 interaction atoms for acids, found:
                 0-  H1    15-NHE (A) [   7.579    8.648   -0.656] H
                 0-  H2    15-NHE (A) [   5.962    8.310   -0.080] H
               227-   N    15-NHE (A) [   6.770    8.044   -0.625] N
Expected 2 interaction atoms for bases, found:
                 0-  H1    15-NHE (A) [   7.579    8.648   -0.656] H
                 0-  H2    15-NHE (A) [   5.962    8.310   -0.080] H
               227-   N    15-NHE (A) [   6.770    8.044   -0.625] N
Missing atoms or failed protonation for NHE   N A (NAM) -- please check the structure
Group (NAM) for   227-   N    15-NHE (A) [   4.698    8.829   -0.182] N
Expected 2 interaction atoms for acids, found:
                 0-  H1    15-NHE (A) [   5.536    9.388   -0.104] H
                 0-  H2    15-NHE (A) [   3.822    9.180    0.176] H
               227-   N    15-NHE (A) [   4.698    8.829   -0.182] N
Expected 2 interaction atoms for bases, found:
                 0-  H1    15-NHE (A) [   5.536    9.388   -0.104] H
                 0-  H2    15-NHE (A) [   3.822    9.180    0.176] H
               227-   N    15-NHE (A) [   4.698    8.829   -0.182] N
Missing atoms or failed protonation for NHE   N A (NAM) -- please check the structure
Group (NAM) for   227-   N    15-NHE (A) [   4.387    8.661   -1.226] N
Expected 2 interaction atoms for acids, found:
                 0-  H1    15-NHE (A) [   4.972    9.431   -1.518] H
                 0-  H2    15-NHE (A) [   3.423    8.827   -0.973] H
               227-   N    15-NHE (A) [   4.387    8.661   -1.226] N
Expected 2 interaction atoms for bases, found:
                 0-  H1    15-NHE (A) [   4.972    9.431   -1.518] H
                 0-  H2    15-NHE (A) [   3.423    8.827   -0.973] H
               227-   N    15-NHE (A) [   4.387    8.661   -1.226] N
Missing atoms or failed protonation for NHE   N A (NAM) -- please check the structure
Group (NAM) for   227-   N    15-NHE (A) [   5.615    8.739   -3.254] N
Expected 2 interaction atoms for acids, found:
                 0-  H1    15-NHE (A) [   6.145    9.408   -3.794] H
                 0-  H2    15-NHE (A) [   4.716    8.997   -2.873] H
               227-   N    15-NHE (A) [   5.615    8.739   -3.254] N
Expected 2 interaction atoms for bases, found:
                 0-  H1    15-NHE (A) [   6.145    9.408   -3.794] H
                 0-  H2    15-NHE (A) [   4.716    8.997   -2.873] H
               227-   N    15-NHE (A) [   5.615    8.739   -3.254] N
Missing atoms or failed protonation for NHE   N A (NAM) -- please check the structure
Group (NAM) for   227-   N    15-NHE (A) [   8.094    6.883   -2.891] N
Expected 2 interaction atoms for acids, found:
                 0-  H1    15-NHE (A) [   8.710    7.568   -3.305] H
                 0-  H2    15-NHE (A) [   7.513    7.136   -2.105] H
               227-   N    15-NHE (A) [   8.094    6.883   -2.891] N
Expected 2 interaction atoms for bases, found:
                 0-  H1    15-NHE (A) [   8.710    7.568   -3.305] H
                 0-  H2    15-NHE (A) [   7.513    7.136   -2.105] H
               227-   N    15-NHE (A) [   8.094    6.883   -2.891] N
Missing atoms or failed protonation for NHE   N A (NAM) -- please check the structure
Group (NAM) for   227-   N    15-NHE (A) [   8.741    5.543   -3.892] N
Expected 2 interaction atoms for acids, found:
                 0-  H1    15-NHE (A) [   9.287    6.333   -4.204] H
                 0-  H2    15-NHE (A) [   7.992    5.677   -3.228] H
               227-   N    15-NHE (A) [   8.741    5.543   -3.892] N
Expected 2 interaction atoms for bases, found:
                 0-  H1    15-NHE (A) [   9.287    6.333   -4.204] H
                 0-  H2    15-NHE (A) [   7.992    5.677   -3.228] H
               227-   N    15-NHE (A) [   8.741    5.543   -3.892] N
Missing atoms or failed protonation for NHE   N A (NAM) -- please check the structure
Group (NAM) for   227-   N    15-NHE (A) [   9.399    5.611   -4.469] N
Expected 2 interaction atoms for acids, found:
                 0-  H1    15-NHE (A) [   9.814    6.372   -4.987] H
                 0-  H2    15-NHE (A) [   8.820    5.804   -3.664] H
               227-   N    15-NHE (A) [   9.399    5.611   -4.469] N
Expected 2 interaction atoms for bases, found:
                 0-  H1    15-NHE (A) [   9.814    6.372   -4.987] H
                 0-  H2    15-NHE (A) [   8.820    5.804   -3.664] H
               227-   N    15-NHE (A) [   9.399    5.611   -4.469] N
Missing atoms or failed protonation for NHE   N A (NAM) -- please check the structure
Group (NAM) for   227-   N    15-NHE (A) [   7.230    6.891   -6.854] N
Expected 2 interaction atoms for acids, found:
                 0-  H1    15-NHE (A) [   7.684    7.679   -7.293] H
                 0-  H2    15-NHE (A) [   6.222    6.842   -6.824] H
               227-   N    15-NHE (A) [   7.230    6.891   -6.854] N
Expected 2 interaction atoms for bases, found:
                 0-  H1    15-NHE (A) [   7.684    7.679   -7.293] H
                 0-  H2    15-NHE (A) [   6.222    6.842   -6.824] H
               227-   N    15-NHE (A) [   7.230    6.891   -6.854] N
Missing atoms or failed protonation for NHE   N A (NAM) -- please check the structure
Group (NAM) for   227-   N    15-NHE (A) [   9.391    4.387   -5.773] N
Expected 2 interaction atoms for acids, found:
                 0-  H1    15-NHE (A) [   9.882    5.247   -5.972] H
                 0-  H2    15-NHE (A) [   8.858    4.296   -4.920] H
               227-   N    15-NHE (A) [   9.391    4.387   -5.773] N
Expected 2 interaction atoms for bases, found:
                 0-  H1    15-NHE (A) [   9.882    5.247   -5.972] H
                 0-  H2    15-NHE (A) [   8.858    4.296   -4.920] H
               227-   N    15-NHE (A) [   9.391    4.387   -5.773] N
Missing atoms or failed protonation for NHE   N A (NAM) -- please check the structure
Group (NAM) for   227-   N    15-NHE (A) [   9.622    2.786   -7.576] N
Expected 2 interaction atoms for acids, found:
                 0-  H1    15-NHE (A) [  10.168    3.629   -7.683] H
                 0-  H2    15-NHE (A) [   9.324    2.491   -6.657] H
               227-   N    15-NHE (A) [   9.622    2.786   -7.576] N
Expected 2 interaction atoms for bases, found:
                 0-  H1    15-NHE (A) [  10.168    3.629   -7.683] H
                 0-  H2    15-NHE (A) [   9.324    2.491   -6.657] H
               227-   N    15-NHE (A) [   9.622    2.786   -7.576] N
Missing atoms or failed protonation for NHE   N A (NAM) -- please check the structure
Group (NAM) for   227-   N    15-NHE (A) [   8.882    3.924   -7.825] N
Expected 2 interaction atoms for acids, found:
                 0-  H1    15-NHE (A) [   8.512    3.760   -6.900] H
                 0-  H2    15-NHE (A) [   9.574    4.645   -7.971] H
               227-   N    15-NHE (A) [   8.882    3.924   -7.825] N
Expected 2 interaction atoms for bases, found:
                 0-  H1    15-NHE (A) [   8.512    3.760   -6.900] H
                 0-  H2    15-NHE (A) [   9.574    4.645   -7.971] H
               227-   N    15-NHE (A) [   8.882    3.924   -7.825] N
Missing atoms or failed protonation for NHE   N A (NAM) -- please check the structure
Group (NAM) for   227-   N    15-NHE (A) [   8.136    9.071    0.022] N
Expected 2 interaction atoms for acids, found:
                 0-  H1    15-NHE (A) [   7.486    9.584   -0.556] H
                 0-  H2    15-NHE (A) [   8.231    9.300    1.001] H
               227-   N    15-NHE (A) [   8.136    9.071    0.022] N
Expected 2 interaction atoms for bases, found:
                 0-  H1    15-NHE (A) [   7.486    9.584   -0.556] H
                 0-  H2    15-NHE (A) [   8.231    9.300    1.001] H
               227-   N    15-NHE (A) [   8.136    9.071    0.022] N
Missing atoms or failed protonation for NHE   N A (NAM) -- please check the structure
Group (NAM) for   227-   N    15-NHE (A) [  12.392   12.014   -4.736] N
Expected 2 interaction atoms for acids, found:
                 0-  H1    15-NHE (A) [  11.621   12.377   -5.278] H
                 0-  H2    15-NHE (A) [  13.089   12.644   -4.365] H
               227-   N    15-NHE (A) [  12.392   12.014   -4.736] N
Expected 2 interaction atoms for bases, found:
                 0-  H1    15-NHE (A) [  11.621   12.377   -5.278] H
                 0-  H2    15-NHE (A) [  13.089   12.644   -4.365] H
               227-   N    15-NHE (A) [  12.392   12.014   -4.736] N
Missing atoms or failed protonation for NHE   N A (NAM) -- please check the structure
Group (NAM) for   227-   N    15-NHE (A) [  10.944   12.007   -3.795] N
Expected 2 interaction atoms for acids, found:
                 0-  H1    15-NHE (A) [  11.279   12.349   -2.906] H
                 0-  H2    15-NHE (A) [  10.557   12.651   -4.470] H
               227-   N    15-NHE (A) [  10.944   12.007   -3.795] N
Expected 2 interaction atoms for bases, found:
                 0-  H1    15-NHE (A) [  11.279   12.349   -2.906] H
                 0-  H2    15-NHE (A) [  10.557   12.651   -4.470] H
               227-   N    15-NHE (A) [  10.944   12.007   -3.795] N
Missing atoms or failed protonation for NHE   N A (NAM) -- please check the structure
Group (NAM) for   227-   N    15-NHE (A) [  10.866   12.883   -2.366] N
Expected 2 interaction atoms for acids, found:
                 0-  H1    15-NHE (A) [  10.480   13.486   -3.078] H
                 0-  H2    15-NHE (A) [  10.898   13.193   -1.405] H
               227-   N    15-NHE (A) [  10.866   12.883   -2.366] N
Expected 2 interaction atoms for bases, found:
                 0-  H1    15-NHE (A) [  10.480   13.486   -3.078] H
                 0-  H2    15-NHE (A) [  10.898   13.193   -1.405] H
               227-   N    15-NHE (A) [  10.866   12.883   -2.366] N
Missing atoms or failed protonation for NHE   N A (NAM) -- please check the structure
Group (NAM) for   227-   N    15-NHE (A) [  11.565   12.800   -1.943] N
Expected 2 interaction atoms for acids, found:
                 0-  H1    15-NHE (A) [  11.921   13.392   -1.206] H
                 0-  H2    15-NHE (A) [  11.177   13.212   -2.779] H
               227-   N    15-NHE (A) [  11.565   12.800   -1.943] N
Expected 2 interaction atoms for bases, found:
                 0-  H1    15-NHE (A) [  11.921   13.392   -1.206] H
                 0-  H2    15-NHE (A) [  11.177   13.212   -2.779] H
               227-   N    15-NHE (A) [  11.565   12.800   -1.943] N
Missing atoms or failed protonation for NHE   N A (NAM) -- please check the structure
Group (NAM) for   227-   N    15-NHE (A) [  11.624   12.278   -1.971] N
Expected 2 interaction atoms for acids, found:
                 0-  H1    15-NHE (A) [  10.925   12.700   -2.565] H
                 0-  H2    15-NHE (A) [  12.165   12.853   -1.341] H
               227-   N    15-NHE (A) [  11.624   12.278   -1.971] N
Expected 2 interaction atoms for bases, found:
                 0-  H1    15-NHE (A) [  10.925   12.700   -2.565] H
                 0-  H2    15-NHE (A) [  12.165   12.853   -1.341] H
               227-   N    15-NHE (A) [  11.624   12.278   -1.971] N
Missing atoms or failed protonation for NHE   N A (NAM) -- please check the structure
Group (NAM) for   227-   N    15-NHE (A) [  12.549   12.795   -1.399] N
Expected 2 interaction atoms for acids, found:
                 0-  H1    15-NHE (A) [  12.202   12.701   -2.343] H
                 0-  H2    15-NHE (A) [  13.096   13.604   -1.140] H
               227-   N    15-NHE (A) [  12.549   12.795   -1.399] N
Expected 2 interaction atoms for bases, found:
                 0-  H1    15-NHE (A) [  12.202   12.701   -2.343] H
                 0-  H2    15-NHE (A) [  13.096   13.604   -1.140] H
               227-   N    15-NHE (A) [  12.549   12.795   -1.399] N
Missing atoms or failed protonation for NHE   N A (NAM) -- please check the structure
Group (NAM) for   227-   N    15-NHE (A) [  13.785   10.689   -3.255] N
Expected 2 interaction atoms for acids, found:
                 0-  H1    15-NHE (A) [  13.401   11.264   -3.991] H
                 0-  H2    15-NHE (A) [  14.485   11.067   -2.632] H
               227-   N    15-NHE (A) [  13.785   10.689   -3.255] N
Expected 2 interaction atoms for bases, found:
                 0-  H1    15-NHE (A) [  13.401   11.264   -3.991] H
                 0-  H2    15-NHE (A) [  14.485   11.067   -2.632] H
               227-   N    15-NHE (A) [  13.785   10.689   -3.255] N
Missing atoms or failed protonation for NHE   N A (NAM) -- please check the structure
Group (NAM) for   227-   N    15-NHE (A) [  12.433   11.339   -3.853] N
Expected 2 interaction atoms for acids, found:
                 0-  H1    15-NHE (A) [  11.583   11.840   -3.637] H
                 0-  H2    15-NHE (A) [  13.311   11.835   -3.910] H
               227-   N    15-NHE (A) [  12.433   11.339   -3.853] N
Expected 2 interaction atoms for bases, found:
                 0-  H1    15-NHE (A) [  11.583   11.840   -3.637] H
                 0-  H2    15-NHE (A) [  13.311   11.835   -3.910] H
               227-   N    15-NHE (A) [  12.433   11.339   -3.853] N
Missing atoms or failed protonation for NHE   N A (NAM) -- please check the structure
Group (NAM) for   227-   N    15-NHE (A) [  12.751    8.187   -3.944] N
Expected 2 interaction atoms for acids, found:
                 0-  H1    15-NHE (A) [  12.875    7.230   -3.644] H
                 0-  H2    15-NHE (A) [  13.530    8.829   -3.919] H
               227-   N    15-NHE (A) [  12.751    8.187   -3.944] N
Expected 2 interaction atoms for bases, found:
                 0-  H1    15-NHE (A) [  12.875    7.230   -3.644] H
                 0-  H2    15-NHE (A) [  13.530    8.829   -3.919] H
               227-   N    15-NHE (A) [  12.751    8.187   -3.944] N
Missing atoms or failed protonation for NHE   N A (NAM) -- please check the structure
Group (NAM) for   227-   N    15-NHE (A) [  12.212    9.594   -5.233] N
Expected 2 interaction atoms for acids, found:
                 0-  H1    15-NHE (A) [  12.233    9.242   -4.287] H
                 0-  H2    15-NHE (A) [  12.933   10.224   -5.553] H
               227-   N    15-NHE (A) [  12.212    9.594   -5.233] N
Expected 2 interaction atoms for bases, found:
                 0-  H1    15-NHE (A) [  12.233    9.242   -4.287] H
                 0-  H2    15-NHE (A) [  12.933   10.224   -5.553] H
               227-   N    15-NHE (A) [  12.212    9.594   -5.233] N
Missing atoms or failed protonation for NHE   N A (NAM) -- please check the structure
Group (NAM) for   227-   N    15-NHE (A) [  11.988    8.207   -3.162] N
Expected 2 interaction atoms for acids, found:
                 0-  H1    15-NHE (A) [  11.713    7.488   -2.508] H
                 0-  H2    15-NHE (A) [  12.849    8.716   -3.021] H
               227-   N    15-NHE (A) [  11.988    8.207   -3.162] N
Expected 2 interaction atoms for bases, found:
                 0-  H1    15-NHE (A) [  11.713    7.488   -2.508] H
                 0-  H2    15-NHE (A) [  12.849    8.716   -3.021] H
               227-   N    15-NHE (A) [  11.988    8.207   -3.162] N
Missing atoms or failed protonation for NHE   N A (NAM) -- please check the structure
Group (NAM) for   227-   N    15-NHE (A) [   7.775   10.016    0.946] N
Expected 2 interaction atoms for acids, found:
                 0-  H1    15-NHE (A) [   7.008    9.916    1.595] H
                 0-  H2    15-NHE (A) [   8.487    9.301    0.892] H
               227-   N    15-NHE (A) [   7.775   10.016    0.946] N
Expected 2 interaction atoms for bases, found:
                 0-  H1    15-NHE (A) [   7.008    9.916    1.595] H
                 0-  H2    15-NHE (A) [   8.487    9.301    0.892] H
               227-   N    15-NHE (A) [   7.775   10.016    0.946] N
Missing atoms or failed protonation for NHE   N A (NAM) -- please check the structure
Group (NAM) for   227-   N    15-NHE (A) [  10.514   11.035    0.118] N
Expected 2 interaction atoms for acids, found:
                 0-  H1    15-NHE (A) [  10.748   10.072    0.311] H
                 0-  H2    15-NHE (A) [  10.551   11.722    0.858] H
               227-   N    15-NHE (A) [  10.514   11.035    0.118] N
Expected 2 interaction atoms for bases, found:
                 0-  H1    15-NHE (A) [  10.748   10.072    0.311] H
                 0-  H2    15-NHE (A) [  10.551   11.722    0.858] H
               227-   N    15-NHE (A) [  10.514   11.035    0.118] N
Missing atoms or failed protonation for NHE   N A (NAM) -- please check the structure
Group (NAM) for   227-   N    15-NHE (A) [  11.662   11.699    0.044] N
Expected 2 interaction atoms for acids, found:
                 0-  H1    15-NHE (A) [  11.963   10.805    0.405] H
                 0-  H2    15-NHE (A) [  11.647   12.508    0.648] H
               227-   N    15-NHE (A) [  11.662   11.699    0.044] N
Expected 2 interaction atoms for bases, found:
                 0-  H1    15-NHE (A) [  11.963   10.805    0.405] H
                 0-  H2    15-NHE (A) [  11.647   12.508    0.648] H
               227-   N    15-NHE (A) [  11.662   11.699    0.044] N
Missing atoms or failed protonation for NHE   N A (NAM) -- please check the structure
Group (NAM) for   227-   N    15-NHE (A) [  11.414   11.506    0.828] N
Expected 2 interaction atoms for acids, found:
                 0-  H1    15-NHE (A) [  11.736   10.580    1.071] H
                 0-  H2    15-NHE (A) [  11.490   12.259    1.497] H
               227-   N    15-NHE (A) [  11.414   11.506    0.828] N
Expected 2 interaction atoms for bases, found:
                 0-  H1    15-NHE (A) [  11.736   10.580    1.071] H
                 0-  H2    15-NHE (A) [  11.490   12.259    1.497] H
               227-   N    15-NHE (A) [  11.414   11.506    0.828] N
Missing atoms or failed protonation for NHE   N A (NAM) -- please check the structure
Group (NAM) for   227-   N    15-NHE (A) [  12.267    9.368    0.728] N
Expected 2 interaction atoms for acids, found:
                 0-  H1    15-NHE (A) [  12.516    8.398    0.858] H
                 0-  H2    15-NHE (A) [  12.309   10.009    1.507] H
               227-   N    15-NHE (A) [  12.267    9.368    0.728] N
Expected 2 interaction atoms for bases, found:
                 0-  H1    15-NHE (A) [  12.516    8.398    0.858] H
                 0-  H2    15-NHE (A) [  12.309   10.009    1.507] H
               227-   N    15-NHE (A) [  12.267    9.368    0.728] N
Missing atoms or failed protonation for NHE   N A (NAM) -- please check the structure
Group (NAM) for   227-   N    15-NHE (A) [  13.933    8.437   -1.324] N
Expected 2 interaction atoms for acids, found:
                 0-  H1    15-NHE (A) [  14.145    7.452   -1.398] H
                 0-  H2    15-NHE (A) [  14.181    8.946   -0.487] H
               227-   N    15-NHE (A) [  13.933    8.437   -1.324] N
Expected 2 interaction atoms for bases, found:
                 0-  H1    15-NHE (A) [  14.145    7.452   -1.398] H
                 0-  H2    15-NHE (A) [  14.181    8.946   -0.487] H
               227-   N    15-NHE (A) [  13.933    8.437   -1.324] N
Missing atoms or failed protonation for NHE   N A (NAM) -- please check the structure
Group (NAM) for   227-   N    15-NHE (A) [  13.937    7.014   -0.420] N
Expected 2 interaction atoms for acids, found:
                 0-  H1    15-NHE (A) [  14.270    7.568    0.356] H
                 0-  H2    15-NHE (A) [  13.816    6.017   -0.314] H
               227-   N    15-NHE (A) [  13.937    7.014   -0.420] N
Expected 2 interaction atoms for bases, found:
                 0-  H1    15-NHE (A) [  14.270    7.568    0.356] H
                 0-  H2    15-NHE (A) [  13.816    6.017   -0.314] H
               227-   N    15-NHE (A) [  13.937    7.014   -0.420] N
Missing atoms or failed protonation for NHE   N A (NAM) -- please check the structure
Group (NAM) for   227-   N    15-NHE (A) [  16.114   10.444   -0.421] N
Expected 2 interaction atoms for acids, found:
                 0-  H1    15-NHE (A) [  16.021    9.847    0.388] H
                 0-  H2    15-NHE (A) [  16.539   11.355   -0.330] H
               227-   N    15-NHE (A) [  16.114   10.444   -0.421] N
Expected 2 interaction atoms for bases, found:
                 0-  H1    15-NHE (A) [  16.021    9.847    0.388] H
                 0-  H2    15-NHE (A) [  16.539   11.355   -0.330] H
               227-   N    15-NHE (A) [  16.114   10.444   -0.421] N
Missing atoms or failed protonation for NHE   N A (NAM) -- please check the structure
Group (NAM) for   227-   N    15-NHE (A) [  15.008    5.115    0.259] N
Expected 2 interaction atoms for acids, found:
                 0-  H1    15-NHE (A) [  14.365    4.383    0.524] H
                 0-  H2    15-NHE (A) [  15.723    5.417    0.905] H
               227-   N    15-NHE (A) [  15.008    5.115    0.259] N
Expected 2 interaction atoms for bases, found:
                 0-  H1    15-NHE (A) [  14.365    4.383    0.524] H
                 0-  H2    15-NHE (A) [  15.723    5.417    0.905] H
               227-   N    15-NHE (A) [  15.008    5.115    0.259] N
Missing atoms or failed protonation for NHE   N A (NAM) -- please check the structure
Group (NAM) for   227-   N    15-NHE (A) [  13.135    5.070    0.318] N
Expected 2 interaction atoms for acids, found:
                 0-  H1    15-NHE (A) [  12.524    4.275    0.197] H
                 0-  H2    15-NHE (A) [  13.507    5.287    1.232] H
               227-   N    15-NHE (A) [  13.135    5.070    0.318] N
Expected 2 interaction atoms for bases, found:
                 0-  H1    15-NHE (A) [  12.524    4.275    0.197] H
                 0-  H2    15-NHE (A) [  13.507    5.287    1.232] H
               227-   N    15-NHE (A) [  13.135    5.070    0.318] N
Missing atoms or failed protonation for NHE   N A (NAM) -- please check the structure
Group (NAM) for   227-   N    15-NHE (A) [  14.528    8.096   -1.427] N
Expected 2 interaction atoms for acids, found:
                 0-  H1    15-NHE (A) [  13.787    8.583   -1.910] H
                 0-  H2    15-NHE (A) [  15.414    8.554   -1.268] H
               227-   N    15-NHE (A) [  14.528    8.096   -1.427] N
Expected 2 interaction atoms for bases, found:
                 0-  H1    15-NHE (A) [  13.787    8.583   -1.910] H
                 0-  H2    15-NHE (A) [  15.414    8.554   -1.268] H
               227-   N    15-NHE (A) [  14.528    8.096   -1.427] N
Missing atoms or failed protonation for NHE   N A (NAM) -- please check the structure
Group (NAM) for   227-   N    15-NHE (A) [  13.270    6.589   -0.975] N
Expected 2 interaction atoms for acids, found:
                 0-  H1    15-NHE (A) [  13.055    7.219   -1.734] H
                 0-  H2    15-NHE (A) [  13.733    6.935   -0.147] H
               227-   N    15-NHE (A) [  13.270    6.589   -0.975] N
Expected 2 interaction atoms for bases, found:
                 0-  H1    15-NHE (A) [  13.055    7.219   -1.734] H
                 0-  H2    15-NHE (A) [  13.733    6.935   -0.147] H
               227-   N    15-NHE (A) [  13.270    6.589   -0.975] N
Missing atoms or failed protonation for NHE   N A (NAM) -- please check the structure
Group (NAM) for   227-   N    15-NHE (A) [   7.616   12.384    0.749] N
Expected 2 interaction atoms for acids, found:
                 0-  H1    15-NHE (A) [   7.537   13.144    1.409] H
                 0-  H2    15-NHE (A) [   6.836   12.151    0.151] H
               227-   N    15-NHE (A) [   7.616   12.384    0.749] N
Expected 2 interaction atoms for bases, found:
                 0-  H1    15-NHE (A) [   7.537   13.144    1.409] H
                 0-  H2    15-NHE (A) [   6.836   12.151    0.151] H
               227-   N    15-NHE (A) [   7.616   12.384    0.749] N
Missing atoms or failed protonation for NHE   N A (NAM) -- please check the structure
Group (NAM) for   227-   N    15-NHE (A) [  11.314    6.622   -1.784] N
Expected 2 interaction atoms for acids, found:
                 0-  H1    15-NHE (A) [  10.648    6.827   -2.515] H
                 0-  H2    15-NHE (A) [  12.115    6.039   -1.980] H
               227-   N    15-NHE (A) [  11.314    6.622   -1.784] N
Expected 2 interaction atoms for bases, found:
                 0-  H1    15-NHE (A) [  10.648    6.827   -2.515] H
                 0-  H2    15-NHE (A) [  12.115    6.039   -1.980] H
               227-   N    15-NHE (A) [  11.314    6.622   -1.784] N
Missing atoms or failed protonation for NHE   N A (NAM) -- please check the structure
Group (NAM) for   227-   N    15-NHE (A) [  12.249    8.568   -0.893] N
Expected 2 interaction atoms for acids, found:
                 0-  H1    15-NHE (A) [  12.034    8.988   -1.786] H
                 0-  H2    15-NHE (A) [  13.207    8.519   -0.575] H
               227-   N    15-NHE (A) [  12.249    8.568   -0.893] N
Expected 2 interaction atoms for bases, found:
                 0-  H1    15-NHE (A) [  12.034    8.988   -1.786] H
                 0-  H2    15-NHE (A) [  13.207    8.519   -0.575] H
               227-   N    15-NHE (A) [  12.249    8.568   -0.893] N
Missing atoms or failed protonation for NHE   N A (NAM) -- please check the structure
Group (NAM) for   227-   N    15-NHE (A) [  12.269    8.856   -0.902] N
Expected 2 interaction atoms for acids, found:
                 0-  H1    15-NHE (A) [  12.088    8.728   -1.887] H
                 0-  H2    15-NHE (A) [  13.218    8.955   -0.572] H
               227-   N    15-NHE (A) [  12.269    8.856   -0.902] N
Expected 2 interaction atoms for bases, found:
                 0-  H1    15-NHE (A) [  12.088    8.728   -1.887] H
                 0-  H2    15-NHE (A) [  13.218    8.955   -0.572] H
               227-   N    15-NHE (A) [  12.269    8.856   -0.902] N
Missing atoms or failed protonation for NHE   N A (NAM) -- please check the structure
Group (NAM) for   227-   N    15-NHE (A) [  12.681    9.664   -1.824] N
Expected 2 interaction atoms for acids, found:
                 0-  H1    15-NHE (A) [  12.349    9.492   -2.762] H
                 0-  H2    15-NHE (A) [  13.657    9.528   -1.601] H
               227-   N    15-NHE (A) [  12.681    9.664   -1.824] N
Expected 2 interaction atoms for bases, found:
                 0-  H1    15-NHE (A) [  12.349    9.492   -2.762] H
                 0-  H2    15-NHE (A) [  13.657    9.528   -1.601] H
               227-   N    15-NHE (A) [  12.681    9.664   -1.824] N
Missing atoms or failed protonation for NHE   N A (NAM) -- please check the structure
Group (NAM) for   227-   N    15-NHE (A) [  11.865   10.110   -2.556] N
Expected 2 interaction atoms for acids, found:
                 0-  H1    15-NHE (A) [  11.212   10.177   -3.323] H
                 0-  H2    15-NHE (A) [  12.752    9.645   -2.687] H
               227-   N    15-NHE (A) [  11.865   10.110   -2.556] N
Expected 2 interaction atoms for bases, found:
                 0-  H1    15-NHE (A) [  11.212   10.177   -3.323] H
                 0-  H2    15-NHE (A) [  12.752    9.645   -2.687] H
               227-   N    15-NHE (A) [  11.865   10.110   -2.556] N
Missing atoms or failed protonation for NHE   N A (NAM) -- please check the structure
Group (NAM) for   227-   N    15-NHE (A) [  11.424   11.713   -0.302] N
Expected 2 interaction atoms for acids, found:
                 0-  H1    15-NHE (A) [  11.660   11.912   -1.264] H
                 0-  H2    15-NHE (A) [  12.143   11.725    0.407] H
               227-   N    15-NHE (A) [  11.424   11.713   -0.302] N
Expected 2 interaction atoms for bases, found:
                 0-  H1    15-NHE (A) [  11.660   11.912   -1.264] H
                 0-  H2    15-NHE (A) [  12.143   11.725    0.407] H
               227-   N    15-NHE (A) [  11.424   11.713   -0.302] N
Missing atoms or failed protonation for NHE   N A (NAM) -- please check the structure
Group (NAM) for   227-   N    15-NHE (A) [  13.262   12.685   -1.122] N
Expected 2 interaction atoms for acids, found:
                 0-  H1    15-NHE (A) [  13.289   12.854   -2.117] H
                 0-  H2    15-NHE (A) [  14.089   12.836   -0.562] H
               227-   N    15-NHE (A) [  13.262   12.685   -1.122] N
Expected 2 interaction atoms for bases, found:
                 0-  H1    15-NHE (A) [  13.289   12.854   -2.117] H
                 0-  H2    15-NHE (A) [  14.089   12.836   -0.562] H
               227-   N    15-NHE (A) [  13.262   12.685   -1.122] N
Missing atoms or failed protonation for NHE   N A (NAM) -- please check the structure
Group (NAM) for   227-   N    15-NHE (A) [  12.946   13.184   -0.805] N
Expected 2 interaction atoms for acids, found:
                 0-  H1    15-NHE (A) [  13.915   13.240   -0.527] H
                 0-  H2    15-NHE (A) [  12.698   12.763   -1.689] H
               227-   N    15-NHE (A) [  12.946   13.184   -0.805] N
Expected 2 interaction atoms for bases, found:
                 0-  H1    15-NHE (A) [  13.915   13.240   -0.527] H
                 0-  H2    15-NHE (A) [  12.698   12.763   -1.689] H
               227-   N    15-NHE (A) [  12.946   13.184   -0.805] N
Missing atoms or failed protonation for NHE   N A (NAM) -- please check the structure
Group (NAM) for   227-   N    15-NHE (A) [  13.298   16.097   -0.365] N
Expected 2 interaction atoms for acids, found:
                 0-  H1    15-NHE (A) [  13.124   15.969   -1.352] H
                 0-  H2    15-NHE (A) [  14.233   16.298   -0.039] H
               227-   N    15-NHE (A) [  13.298   16.097   -0.365] N
Expected 2 interaction atoms for bases, found:
                 0-  H1    15-NHE (A) [  13.124   15.969   -1.352] H
                 0-  H2    15-NHE (A) [  14.233   16.298   -0.039] H
               227-   N    15-NHE (A) [  13.298   16.097   -0.365] N
Missing atoms or failed protonation for NHE   N A (NAM) -- please check the structure
Group (NAM) for   227-   N    15-NHE (A) [  14.081   16.157    0.428] N
Expected 2 interaction atoms for acids, found:
                 0-  H1    15-NHE (A) [  15.029   16.332    0.730] H
                 0-  H2    15-NHE (A) [  13.869   16.093   -0.557] H
               227-   N    15-NHE (A) [  14.081   16.157    0.428] N
Expected 2 interaction atoms for bases, found:
                 0-  H1    15-NHE (A) [  15.029   16.332    0.730] H
                 0-  H2    15-NHE (A) [  13.869   16.093   -0.557] H
               227-   N    15-NHE (A) [  14.081   16.157    0.428] N
Missing atoms or failed protonation for NHE   N A (NAM) -- please check the structure
Group (NAM) for   227-   N    15-NHE (A) [  14.183   14.665   -1.362] N
Expected 2 interaction atoms for acids, found:
                 0-  H1    15-NHE (A) [  14.141   15.541   -1.862] H
                 0-  H2    15-NHE (A) [  14.696   13.886   -1.750] H
               227-   N    15-NHE (A) [  14.183   14.665   -1.362] N
Expected 2 interaction atoms for bases, found:
                 0-  H1    15-NHE (A) [  14.141   15.541   -1.862] H
                 0-  H2    15-NHE (A) [  14.696   13.886   -1.750] H
               227-   N    15-NHE (A) [  14.183   14.665   -1.362] N
