{
  "frames": 100,
  "original_cys3_higher": 7,
  "corrected_cys3_higher": 6,
  "pka_cys3_lower": 54,
  "cys3": {
    "original_score": {
      "mean": 0.8918273895978928,
      "min": 0.6391674876213074,
      "max": 0.9923721551895142
    },
    "corrected_score": {
      "mean": 0.8368215419188005,
      "min": 0.4851102609167425,
      "max": 0.9860566216081152
    },
    "pka": {
      "mean": 9.014099880517644,
      "min": 8.230202992914297,
      "max": 9.902696561455487
    },
    "thiolate_fraction_ph75": {
      "mean": 0.04199712551571997,
      "min": 0.003940837917465158,
      "max": 0.15691619056884612
    }
  },
  "cys14": {
    "original_score": {
      "mean": 0.9852838832139968,
      "min": 0.9314132928848267,
      "max": 0.9973676800727844
    },
    "corrected_score": {
      "mean": 0.9746655068124581,
      "min": 0.896388766728141,
      "max": 0.995863712539649
    },
    "pka": {
      "mean": 9.123030919985865,
      "min": 8.208361580148813,
      "max": 9.838296222258556
    },
    "thiolate_fraction_ph75": {
      "mean": 0.030979213049401023,
      "min": 0.004567887764740469,
      "max": 0.16368481825200978
    }
  }
}
